max_provinces = 2391
definitions = "definition.csv"
provinces = "provinces.bmp"
positions = "positions.txt"
terrain = "terrain.bmp"
rivers = "rivers.bmp"
terrain_definition = "terrain.txt"
heightmap = "topology.bmp"
tree_definition = "trees.bmp"
continent = "continent.txt"
adjacencies = "adjacencies.csv"
climate = "climate.txt"
region = "island_region.txt"
geographical_region = "geographical_region.txt"
static = "statics"
seasons = "seasons.txt"
externals = {
}

sea_zones = { 1791 1902 } #Trackless Sea 1
sea_zones = { 1903 1976 } #Lakes 2 
sea_zones = { 1977 1986 } #Gbor Nor 3
sea_zones = { 1987 1997 } #Lakes 4
sea_zones = { 1998 2045 } #Fallen Stars 5
sea_zones = { 2046 2115 } #Trackless Sea 6
sea_zones = { 2358 2364 } #Yal Tengri 7

ocean_region = {	# Trackless Sea
	sea_zones = { 1 6 }
}

ocean_region = {	# Lakes
	sea_zones = { 2 4 }
}

ocean_region = {	# Gbor Nor
	sea_zones = { 3 }
}

ocean_region = {	#  Fallen Stars
	sea_zones = { 5 }
}

ocean_region = {	# Yal Tengri
	sea_zones = { 7 }
}

# Define which indices in trees.bmp palette which should count as trees for automatic terrain assignment
tree = { 3 4 7 10 }

major_rivers = 
{
	# Main Ocean
	1858 1859 1887  #Esmel River
	1892  #Highridden River
	1883 1884  #Lapal Sea
	1864 1865  #Luo River
	1893  #River Agis
	1890  #River Aluar
	1855 1856 1885 1886  #River Chionthar
	1872  #River Delimbiyr
	1873 1874  #River Dessarin
	1889  #River Harar
	1862 1863  #River Ith
	1888 1891  #River Maeru
	1854  #River Mirar
	1882  #River Panka
	1866 1867 1868 1869 1870 1871  #River Shaar
	1860 1861  #Sulduskoon River
	1857  #Winding Water
	1989 1990 #Segara
	2047 #River Xon

	# Gbor Nor
	1977 1978 1979 1982 1983 1984  #Rauthenflow River
	1986  #Sempharin
	1985  #The Goldenflow

	# Fallen Stars
	2023  #Adder River
	2017  #Fire River
	2018 2033 2034 2037  #Great Imphras River
	2024 2025  #River Akax
	2036  #River Alambar
	2040  #River Arkhen
	2028 2029  #River Umber
	2019 2020  #River of Metals
	2035  #River of Shadows
	2021 2022  #River of Swords
	2026 2027  #The Nagaflow
	2038 2039  #The Wyvernflow
	2030 2031 2032  #Wet River

	# Yal Tengri
	2362 2363  #Arundi River
	2364  #Winterflow River
}