max_provinces = 2356
definitions = "definition.csv"
provinces = "provinces.bmp"
positions = "positions.txt"
terrain = "terrain.bmp"
rivers = "rivers.bmp"
terrain_definition = "terrain.txt"
heightmap = "topology.bmp"
tree_definition = "trees.bmp"
continent = "continent.txt"
adjacencies = "adjacencies.csv"
climate = "climate.txt"
region = "island_region.txt"
geographical_region = "geographical_region.txt"
static = "statics"
seasons = "seasons.txt"
externals = {
}

sea_zones = { 1791 1899 } #Trackless Sea
sea_zones = { 1900 1976 } #Lakes
sea_zones = { 1977 1986 } #Gbor Nor
sea_zones = { 1987 1990 } #Segara Sea
sea_zones = { 1991 1997 } #Yal Tengri
sea_zones = { 1998 2045 } #Fallen Stars

ocean_region = {	# Trackless Sea
	sea_zones = { 1 }
}

ocean_region = {	# Lakes
	sea_zones = { 2 }
}

ocean_region = {	# Gbor Nor
	sea_zones = { 3 }
}

ocean_region = {	# Segara Sea
	sea_zones = { 4 }
}

ocean_region = {	# Yal Tengri
	sea_zones = { 5 }
}

ocean_region = {	#  Fallen Stars
	sea_zones = { 6 }
}

# Define which indices in trees.bmp palette which should count as trees for automatic terrain assignment
tree = { 3 4 7 10 }

major_rivers = 
{
	# Main Ocean
	1858 1859 1887  #Esmel River
	1892  #Highridden River
	1883 1884  #Lapal Sea
	1864 1865  #Luo River
	1893  #River Agis
	1890  #River Aluar
	1855 1856 1885 1886  #River Chionthar
	1872  #River Delimbiyr
	1873 1874  #River Dessarin
	1889  #River Harar
	1862 1863  #River Ith
	1888 1891  #River Maeru
	1854  #River Mirar
	1882  #River Panka
	1866 1867 1868 1869 1870 1871  #River Shaar
	1860 1861  #Sulduskoon River
	1857  #Winding Water

	# Lakes
	
	# Gbor Nor
	1977 1978 1979 1982 1983 1984  #Rauthenflow River
	1986  #Sempharin
	1985  #The Goldenflow

	# Fallen Stars
	2023  #Adder River
	2017  #Fire River
	2018 2033 2034 2037  #Great Imphras River
	2024 2025  #River Akax
	2036  #River Alambar
	2040  #River Arkhen
	2028 2029  #River Umber
	2019 2020  #River of Metals
	2035  #River of Shadows
	2021 2022  #River of Swords
	2026 2027  #The Nagaflow
	2038 2039  #The Wyvernflow
	2030 2031 2032  #Wet River

	# Yal Tengri
	1995 1996  #Arundi River
	1997  #Winterflow River

	# Segara Sea
	1989
	1990
}